Archive member included to satisfy reference by file (symbol)

d:/download/download prog/7.0/toolchain/avr8/avr8-gnu-toolchain/bin/../lib/gcc/avr/5.4.0/avr5\libgcc.a(_mulsi3.o)
                              APP/CALCULATOR_Prog.o (__mulsi3)
d:/download/download prog/7.0/toolchain/avr8/avr8-gnu-toolchain/bin/../lib/gcc/avr/5.4.0/avr5\libgcc.a(_udivmodhi4.o)
                              APP/FIRESYSTEM_Prog.o (__udivmodhi4)
d:/download/download prog/7.0/toolchain/avr8/avr8-gnu-toolchain/bin/../lib/gcc/avr/5.4.0/avr5\libgcc.a(_udivmodsi4.o)
                              APP/CALCULATOR_Prog.o (__udivmodsi4)
d:/download/download prog/7.0/toolchain/avr8/avr8-gnu-toolchain/bin/../lib/gcc/avr/5.4.0/avr5\libgcc.a(_divmodsi4.o)
                              APP/CALCULATOR_Prog.o (__divmodsi4)
d:/download/download prog/7.0/toolchain/avr8/avr8-gnu-toolchain/bin/../lib/gcc/avr/5.4.0/avr5\libgcc.a(_negsi2.o)
                              d:/download/download prog/7.0/toolchain/avr8/avr8-gnu-toolchain/bin/../lib/gcc/avr/5.4.0/avr5\libgcc.a(_divmodsi4.o) (__negsi2)
d:/download/download prog/7.0/toolchain/avr8/avr8-gnu-toolchain/bin/../lib/gcc/avr/5.4.0/avr5\libgcc.a(_exit.o)
                              D:/Download/download prog/7.0/Packs/atmel/ATmega_DFP/1.7.374/gcc/dev/atmega32/avr5/crtatmega32.o (exit)
d:/download/download prog/7.0/toolchain/avr8/avr8-gnu-toolchain/bin/../lib/gcc/avr/5.4.0/avr5\libgcc.a(_copy_data.o)
                              APP/CALCULATOR_Prog.o (__do_copy_data)
d:/download/download prog/7.0/toolchain/avr8/avr8-gnu-toolchain/bin/../lib/gcc/avr/5.4.0/avr5\libgcc.a(_clear_bss.o)
                              APP/FIRESYSTEM_Prog.o (__do_clear_bss)
d:/download/download prog/7.0/toolchain/avr8/avr8-gnu-toolchain/bin/../lib/gcc/avr/5.4.0/avr5\libgcc.a(_umulhisi3.o)
                              APP/FIRESYSTEM_Prog.o (__umulhisi3)
d:/download/download prog/7.0/toolchain/avr8/avr8-gnu-toolchain/bin/../lib/gcc/avr/5.4.0/avr5\libgcc.a(_muluhisi3.o)
                              APP/CALCULATOR_Prog.o (__muluhisi3)

Discarded input sections

 .data          0x00000000        0x0 D:/Download/download prog/7.0/Packs/atmel/ATmega_DFP/1.7.374/gcc/dev/atmega32/avr5/crtatmega32.o
 .bss           0x00000000        0x0 D:/Download/download prog/7.0/Packs/atmel/ATmega_DFP/1.7.374/gcc/dev/atmega32/avr5/crtatmega32.o
 .text          0x00000000        0x0 APP/CALCULATOR_Prog.o
 .data          0x00000000        0x0 APP/CALCULATOR_Prog.o
 .bss           0x00000000        0x0 APP/CALCULATOR_Prog.o
 .text.Store_operations
                0x00000000       0x42 APP/CALCULATOR_Prog.o
 .text.shift_data
                0x00000000       0x4a APP/CALCULATOR_Prog.o
 .rodata.str1.1
                0x00000000        0xb APP/CALCULATOR_Prog.o
 .text.Calc_Runnable
                0x00000000      0x476 APP/CALCULATOR_Prog.o
 .comment       0x00000000       0x31 APP/CALCULATOR_Prog.o
 .text          0x00000000        0x0 APP/FIRESYSTEM_Prog.o
 .data          0x00000000        0x0 APP/FIRESYSTEM_Prog.o
 .bss           0x00000000        0x0 APP/FIRESYSTEM_Prog.o
 .rodata.str1.1
                0x00000000       0x18 APP/FIRESYSTEM_Prog.o
 .text.Normal_Mode
                0x00000000       0x56 APP/FIRESYSTEM_Prog.o
 .text.Heat_Mode
                0x00000000       0x7a APP/FIRESYSTEM_Prog.o
 .text.Fire_Mode
                0x00000000       0x7a APP/FIRESYSTEM_Prog.o
 .text.FireSystem_Init
                0x00000000        0x2 APP/FIRESYSTEM_Prog.o
 .text.FireSystem_Runnable
                0x00000000       0x58 APP/FIRESYSTEM_Prog.o
 .bss.temp.1753
                0x00000000        0x2 APP/FIRESYSTEM_Prog.o
 .comment       0x00000000       0x31 APP/FIRESYSTEM_Prog.o
 .text          0x00000000        0x0 APP/INTERPOLATION_Prog.o
 .data          0x00000000        0x0 APP/INTERPOLATION_Prog.o
 .bss           0x00000000        0x0 APP/INTERPOLATION_Prog.o
 .text.Interpolation_Init
                0x00000000        0x4 APP/INTERPOLATION_Prog.o
 .rodata.str1.1
                0x00000000       0x3c APP/INTERPOLATION_Prog.o
 .text.Repeat   0x00000000       0x44 APP/INTERPOLATION_Prog.o
 .text.Interpolation_Runnable
                0x00000000      0x14c APP/INTERPOLATION_Prog.o
 .bss.arr_point.1633
                0x00000000        0xc APP/INTERPOLATION_Prog.o
 .bss.i.1635    0x00000000        0x1 APP/INTERPOLATION_Prog.o
 .bss.num.1636  0x00000000        0x1 APP/INTERPOLATION_Prog.o
 .data.flag.1634
                0x00000000        0x1 APP/INTERPOLATION_Prog.o
 .comment       0x00000000       0x31 APP/INTERPOLATION_Prog.o
 .text          0x00000000        0x0 CONFIG/STEPPER_Cfg.o
 .data          0x00000000        0x0 CONFIG/STEPPER_Cfg.o
 .bss           0x00000000        0x0 CONFIG/STEPPER_Cfg.o
 .comment       0x00000000       0x31 CONFIG/STEPPER_Cfg.o
 .text          0x00000000        0x0 ECU_Prog.o
 .data          0x00000000        0x0 ECU_Prog.o
 .bss           0x00000000        0x0 ECU_Prog.o
 .text.LED_Count
                0x00000000       0x2e ECU_Prog.o
 .text.ALL_LED_OFF
                0x00000000       0x1e ECU_Prog.o
 .text.LED_ON   0x00000000       0x10 ECU_Prog.o
 .text.LED_off  0x00000000       0x10 ECU_Prog.o
 .rodata.LED_Array_on
                0x00000000        0x8 ECU_Prog.o
 .comment       0x00000000       0x31 ECU_Prog.o
 .text          0x00000000        0x0 APP/MOVE_Prog.o
 .data          0x00000000        0x0 APP/MOVE_Prog.o
 .bss           0x00000000        0x0 APP/MOVE_Prog.o
 .text.MOVE_Init
                0x00000000        0x2 APP/MOVE_Prog.o
 .text.FORWARD  0x00000000       0x18 APP/MOVE_Prog.o
 .text.BACK     0x00000000       0x18 APP/MOVE_Prog.o
 .text.RIGHT    0x00000000       0x18 APP/MOVE_Prog.o
 .text.LEFT     0x00000000       0x18 APP/MOVE_Prog.o
 .text.CYCLE_RIGHT
                0x00000000       0x18 APP/MOVE_Prog.o
 .text.CYCLE_LEFT
                0x00000000       0x18 APP/MOVE_Prog.o
 .text.MOVE_Runnable
                0x00000000       0x58 APP/MOVE_Prog.o
 .comment       0x00000000       0x31 APP/MOVE_Prog.o
 .text          0x00000000        0x0 CONFIG/DIO_Cfg.o
 .data          0x00000000        0x0 CONFIG/DIO_Cfg.o
 .bss           0x00000000        0x0 CONFIG/DIO_Cfg.o
 .text          0x00000000        0x0 CONFIG/MOTOR_Cfg.o
 .data          0x00000000        0x0 CONFIG/MOTOR_Cfg.o
 .bss           0x00000000        0x0 CONFIG/MOTOR_Cfg.o
 .rodata.MOTOR_Array
                0x00000000        0xc CONFIG/MOTOR_Cfg.o
 .comment       0x00000000       0x31 CONFIG/MOTOR_Cfg.o
 .text          0x00000000        0x0 HAL/KEYPAD_Prog.o
 .data          0x00000000        0x0 HAL/KEYPAD_Prog.o
 .bss           0x00000000        0x0 HAL/KEYPAD_Prog.o
 .text.KEYPAD_GetKey
                0x00000000       0x90 HAL/KEYPAD_Prog.o
 .data.KeysArray
                0x00000000       0x10 HAL/KEYPAD_Prog.o
 .text          0x00000000        0x0 HAL/LCD_Prog.o
 .data          0x00000000        0x0 HAL/LCD_Prog.o
 .bss           0x00000000        0x0 HAL/LCD_Prog.o
 .text.WriteData
                0x00000000       0xc0 HAL/LCD_Prog.o
 .text.LCD_WriteChar
                0x00000000        0x4 HAL/LCD_Prog.o
 .text.LCD_WriteNumber
                0x00000000      0x108 HAL/LCD_Prog.o
 .text.LCD_WriteNumber4D
                0x00000000       0x6e HAL/LCD_Prog.o
 .text.LCD_WriteString
                0x00000000       0x26 HAL/LCD_Prog.o
 .text.LCD_SetCursor
                0x00000000       0x1c HAL/LCD_Prog.o
 .text.LCD_Clear
                0x00000000       0x14 HAL/LCD_Prog.o
 .text.LCD_WriteBinary
                0x00000000       0x34 HAL/LCD_Prog.o
 .text.LCD_WriteHex
                0x00000000       0x2a HAL/LCD_Prog.o
 .text.LCD_CustomChar
                0x00000000       0x36 HAL/LCD_Prog.o
 .text.LCD_FUNC
                0x00000000       0x30 HAL/LCD_Prog.o
 .rodata.str1.1
                0x00000000       0x22 HAL/LCD_Prog.o
 .text._1st_line
                0x00000000       0x34 HAL/LCD_Prog.o
 .text.escape   0x00000000       0x60 HAL/LCD_Prog.o
 .text.Welcome  0x00000000       0x56 HAL/LCD_Prog.o
 .text          0x00000000        0x0 HAL/MOTOR_Prog.o
 .data          0x00000000        0x0 HAL/MOTOR_Prog.o
 .bss           0x00000000        0x0 HAL/MOTOR_Prog.o
 .text.MOTOR_Init
                0x00000000        0x2 HAL/MOTOR_Prog.o
 .text.MOTOR_Stop
                0x00000000       0x3c HAL/MOTOR_Prog.o
 .text.MOTOR_CW
                0x00000000       0x3c HAL/MOTOR_Prog.o
 .text.MOTOR_CCW
                0x00000000       0x3c HAL/MOTOR_Prog.o
 .comment       0x00000000       0x31 HAL/MOTOR_Prog.o
 .text          0x00000000        0x0 HAL/RGB_Prog.o
 .data          0x00000000        0x0 HAL/RGB_Prog.o
 .bss           0x00000000        0x0 HAL/RGB_Prog.o
 .text          0x00000000        0x0 HAL/Sensors_Prog.o
 .data          0x00000000        0x0 HAL/Sensors_Prog.o
 .bss           0x00000000        0x0 HAL/Sensors_Prog.o
 .text.TEMP_Read
                0x00000000        0x6 HAL/Sensors_Prog.o
 .text.POT_Read
                0x00000000       0x20 HAL/Sensors_Prog.o
 .text.Pressure_Read
                0x00000000       0x24 HAL/Sensors_Prog.o
 .rodata.str1.1
                0x00000000        0x9 HAL/Sensors_Prog.o
 .text.pressur_Runnable
                0x00000000       0x42 HAL/Sensors_Prog.o
 .comment       0x00000000       0x31 HAL/Sensors_Prog.o
 .text          0x00000000        0x0 HAL/STEPPER_Prog.o
 .data          0x00000000        0x0 HAL/STEPPER_Prog.o
 .bss           0x00000000        0x0 HAL/STEPPER_Prog.o
 .text.STEPPER_Bipoler_CW
                0x00000000       0xca HAL/STEPPER_Prog.o
 .text.STEPPER_Bipoler_CCW
                0x00000000       0xca HAL/STEPPER_Prog.o
 .text.STEPPER_Unipoler_CW
                0x00000000       0xca HAL/STEPPER_Prog.o
 .text.STEPPER_Unipoler_CCW
                0x00000000       0xca HAL/STEPPER_Prog.o
 .text.STEPPER_Unipoler_CW_HS
                0x00000000      0x192 HAL/STEPPER_Prog.o
 .text.STEPPER_Unipoler_CCW_HS
                0x00000000      0x192 HAL/STEPPER_Prog.o
 .comment       0x00000000       0x31 HAL/STEPPER_Prog.o
 .text          0x00000000        0x0 main.o
 .data          0x00000000        0x0 main.o
 .bss           0x00000000        0x0 main.o
 .text          0x00000000        0x0 Math.o
 .data          0x00000000        0x0 Math.o
 .bss           0x00000000        0x0 Math.o
 .text.Interpolation_Calc
                0x00000000       0x36 Math.o
 .comment       0x00000000       0x31 Math.o
 .text          0x00000000        0x0 MCAL/ADC_Prog.o
 .data          0x00000000        0x0 MCAL/ADC_Prog.o
 .bss           0x00000000        0x0 MCAL/ADC_Prog.o
 .text.ADC_Read
                0x00000000       0x24 MCAL/ADC_Prog.o
 .text.ADC_ReadVolt
                0x00000000       0x22 MCAL/ADC_Prog.o
 .text.ADC_STARTCONVERTION
                0x00000000       0x1e MCAL/ADC_Prog.o
 .text.ADC_GetRead
                0x00000000        0xa MCAL/ADC_Prog.o
 .text.ADC_GetReadPeriodic
                0x00000000       0x1a MCAL/ADC_Prog.o
 .bss.ADCBusyFlag
                0x00000000        0x1 MCAL/ADC_Prog.o
 .text          0x00000000        0x0 MCAL/DIO_Prg.o
 .data          0x00000000        0x0 MCAL/DIO_Prg.o
 .bss           0x00000000        0x0 MCAL/DIO_Prg.o
 .text.DIO_ReadPin
                0x00000000       0x3a MCAL/DIO_Prg.o
 .text.DIO_WritePort
                0x00000000       0x20 MCAL/DIO_Prg.o
 .text.DIO_TogglePin
                0x00000000       0x6a MCAL/DIO_Prg.o
 .text          0x00000000        0x0 MCAL/Timers.o
 .data          0x00000000        0x0 MCAL/Timers.o
 .bss           0x00000000        0x0 MCAL/Timers.o
 .text.TIMER0_OV_InterruptEnable
                0x00000000        0x8 MCAL/Timers.o
 .text.TIMER0_OV_InterruptDisable
                0x00000000        0x8 MCAL/Timers.o
 .text.TIMER0_OC_InterruptEnable
                0x00000000        0x8 MCAL/Timers.o
 .text.TIMER0_OC_InterruptDisable
                0x00000000        0x8 MCAL/Timers.o
 .text.Timer1_InputCaptureEdge
                0x00000000       0x16 MCAL/Timers.o
 .text.Timer1_ICU_InterruptEnable
                0x00000000        0x8 MCAL/Timers.o
 .text.Timer1_ICU_InterruptDisable
                0x00000000        0x8 MCAL/Timers.o
 .text.Timer1_OVF_InterruptEnable
                0x00000000        0x8 MCAL/Timers.o
 .text.Timer1_OVF_InterruptDisable
                0x00000000        0x8 MCAL/Timers.o
 .text.Timer1_OCA_InterruptEnable
                0x00000000        0x8 MCAL/Timers.o
 .text.Timer1_OCA_InterruptDisable
                0x00000000        0x8 MCAL/Timers.o
 .text.Timer1_OCB_InterruptEnable
                0x00000000        0x8 MCAL/Timers.o
 .text.Timer1_OCB_InterruptDisable
                0x00000000        0x8 MCAL/Timers.o
 .text.Timer1_OVF_SetCallBack
                0x00000000        0xa MCAL/Timers.o
 .text.Timer1_OCA_SetCallBack
                0x00000000        0xa MCAL/Timers.o
 .text.Timer1_OCB_SetCallBack
                0x00000000        0xa MCAL/Timers.o
 .text.Timer1_ICU_SetCallBack
                0x00000000        0xa MCAL/Timers.o
 .text          0x00000000        0x0 d:/download/download prog/7.0/toolchain/avr8/avr8-gnu-toolchain/bin/../lib/gcc/avr/5.4.0/avr5\libgcc.a(_mulsi3.o)
 .data          0x00000000        0x0 d:/download/download prog/7.0/toolchain/avr8/avr8-gnu-toolchain/bin/../lib/gcc/avr/5.4.0/avr5\libgcc.a(_mulsi3.o)
 .bss           0x00000000        0x0 d:/download/download prog/7.0/toolchain/avr8/avr8-gnu-toolchain/bin/../lib/gcc/avr/5.4.0/avr5\libgcc.a(_mulsi3.o)
 .text.libgcc.mul
                0x00000000       0x20 d:/download/download prog/7.0/toolchain/avr8/avr8-gnu-toolchain/bin/../lib/gcc/avr/5.4.0/avr5\libgcc.a(_mulsi3.o)
 .text.libgcc.div
                0x00000000        0x0 d:/download/download prog/7.0/toolchain/avr8/avr8-gnu-toolchain/bin/../lib/gcc/avr/5.4.0/avr5\libgcc.a(_mulsi3.o)
 .text.libgcc   0x00000000        0x0 d:/download/download prog/7.0/toolchain/avr8/avr8-gnu-toolchain/bin/../lib/gcc/avr/5.4.0/avr5\libgcc.a(_mulsi3.o)
 .text.libgcc.prologue
                0x00000000        0x0 d:/download/download prog/7.0/toolchain/avr8/avr8-gnu-toolchain/bin/../lib/gcc/avr/5.4.0/avr5\libgcc.a(_mulsi3.o)
 .text.libgcc.builtins
                0x00000000        0x0 d:/download/download prog/7.0/toolchain/avr8/avr8-gnu-toolchain/bin/../lib/gcc/avr/5.4.0/avr5\libgcc.a(_mulsi3.o)
 .text.libgcc.fmul
                0x00000000        0x0 d:/download/download prog/7.0/toolchain/avr8/avr8-gnu-toolchain/bin/../lib/gcc/avr/5.4.0/avr5\libgcc.a(_mulsi3.o)
 .text.libgcc.fixed
                0x00000000        0x0 d:/download/download prog/7.0/toolchain/avr8/avr8-gnu-toolchain/bin/../lib/gcc/avr/5.4.0/avr5\libgcc.a(_mulsi3.o)
 .text          0x00000000        0x0 d:/download/download prog/7.0/toolchain/avr8/avr8-gnu-toolchain/bin/../lib/gcc/avr/5.4.0/avr5\libgcc.a(_udivmodhi4.o)
 .data          0x00000000        0x0 d:/download/download prog/7.0/toolchain/avr8/avr8-gnu-toolchain/bin/../lib/gcc/avr/5.4.0/avr5\libgcc.a(_udivmodhi4.o)
 .bss           0x00000000        0x0 d:/download/download prog/7.0/toolchain/avr8/avr8-gnu-toolchain/bin/../lib/gcc/avr/5.4.0/avr5\libgcc.a(_udivmodhi4.o)
 .text.libgcc.mul
                0x00000000        0x0 d:/download/download prog/7.0/toolchain/avr8/avr8-gnu-toolchain/bin/../lib/gcc/avr/5.4.0/avr5\libgcc.a(_udivmodhi4.o)
 .text.libgcc.div
                0x00000000       0x28 d:/download/download prog/7.0/toolchain/avr8/avr8-gnu-toolchain/bin/../lib/gcc/avr/5.4.0/avr5\libgcc.a(_udivmodhi4.o)
 .text.libgcc   0x00000000        0x0 d:/download/download prog/7.0/toolchain/avr8/avr8-gnu-toolchain/bin/../lib/gcc/avr/5.4.0/avr5\libgcc.a(_udivmodhi4.o)
 .text.libgcc.prologue
                0x00000000        0x0 d:/download/download prog/7.0/toolchain/avr8/avr8-gnu-toolchain/bin/../lib/gcc/avr/5.4.0/avr5\libgcc.a(_udivmodhi4.o)
 .text.libgcc.builtins
                0x00000000        0x0 d:/download/download prog/7.0/toolchain/avr8/avr8-gnu-toolchain/bin/../lib/gcc/avr/5.4.0/avr5\libgcc.a(_udivmodhi4.o)
 .text.libgcc.fmul
                0x00000000        0x0 d:/download/download prog/7.0/toolchain/avr8/avr8-gnu-toolchain/bin/../lib/gcc/avr/5.4.0/avr5\libgcc.a(_udivmodhi4.o)
 .text.libgcc.fixed
                0x00000000        0x0 d:/download/download prog/7.0/toolchain/avr8/avr8-gnu-toolchain/bin/../lib/gcc/avr/5.4.0/avr5\libgcc.a(_udivmodhi4.o)
 .text          0x00000000        0x0 d:/download/download prog/7.0/toolchain/avr8/avr8-gnu-toolchain/bin/../lib/gcc/avr/5.4.0/avr5\libgcc.a(_udivmodsi4.o)
 .data          0x00000000        0x0 d:/download/download prog/7.0/toolchain/avr8/avr8-gnu-toolchain/bin/../lib/gcc/avr/5.4.0/avr5\libgcc.a(_udivmodsi4.o)
 .bss           0x00000000        0x0 d:/download/download prog/7.0/toolchain/avr8/avr8-gnu-toolchain/bin/../lib/gcc/avr/5.4.0/avr5\libgcc.a(_udivmodsi4.o)
 .text.libgcc.mul
                0x00000000        0x0 d:/download/download prog/7.0/toolchain/avr8/avr8-gnu-toolchain/bin/../lib/gcc/avr/5.4.0/avr5\libgcc.a(_udivmodsi4.o)
 .text.libgcc.div
                0x00000000       0x44 d:/download/download prog/7.0/toolchain/avr8/avr8-gnu-toolchain/bin/../lib/gcc/avr/5.4.0/avr5\libgcc.a(_udivmodsi4.o)
 .text.libgcc   0x00000000        0x0 d:/download/download prog/7.0/toolchain/avr8/avr8-gnu-toolchain/bin/../lib/gcc/avr/5.4.0/avr5\libgcc.a(_udivmodsi4.o)
 .text.libgcc.prologue
                0x00000000        0x0 d:/download/download prog/7.0/toolchain/avr8/avr8-gnu-toolchain/bin/../lib/gcc/avr/5.4.0/avr5\libgcc.a(_udivmodsi4.o)
 .text.libgcc.builtins
                0x00000000        0x0 d:/download/download prog/7.0/toolchain/avr8/avr8-gnu-toolchain/bin/../lib/gcc/avr/5.4.0/avr5\libgcc.a(_udivmodsi4.o)
 .text.libgcc.fmul
                0x00000000        0x0 d:/download/download prog/7.0/toolchain/avr8/avr8-gnu-toolchain/bin/../lib/gcc/avr/5.4.0/avr5\libgcc.a(_udivmodsi4.o)
 .text.libgcc.fixed
                0x00000000        0x0 d:/download/download prog/7.0/toolchain/avr8/avr8-gnu-toolchain/bin/../lib/gcc/avr/5.4.0/avr5\libgcc.a(_udivmodsi4.o)
 .text          0x00000000        0x0 d:/download/download prog/7.0/toolchain/avr8/avr8-gnu-toolchain/bin/../lib/gcc/avr/5.4.0/avr5\libgcc.a(_divmodsi4.o)
 .data          0x00000000        0x0 d:/download/download prog/7.0/toolchain/avr8/avr8-gnu-toolchain/bin/../lib/gcc/avr/5.4.0/avr5\libgcc.a(_divmodsi4.o)
 .bss           0x00000000        0x0 d:/download/download prog/7.0/toolchain/avr8/avr8-gnu-toolchain/bin/../lib/gcc/avr/5.4.0/avr5\libgcc.a(_divmodsi4.o)
 .text.libgcc.mul
                0x00000000        0x0 d:/download/download prog/7.0/toolchain/avr8/avr8-gnu-toolchain/bin/../lib/gcc/avr/5.4.0/avr5\libgcc.a(_divmodsi4.o)
 .text.libgcc.div
                0x00000000       0x2e d:/download/download prog/7.0/toolchain/avr8/avr8-gnu-toolchain/bin/../lib/gcc/avr/5.4.0/avr5\libgcc.a(_divmodsi4.o)
 .text.libgcc   0x00000000        0x0 d:/download/download prog/7.0/toolchain/avr8/avr8-gnu-toolchain/bin/../lib/gcc/avr/5.4.0/avr5\libgcc.a(_divmodsi4.o)
 .text.libgcc.prologue
                0x00000000        0x0 d:/download/download prog/7.0/toolchain/avr8/avr8-gnu-toolchain/bin/../lib/gcc/avr/5.4.0/avr5\libgcc.a(_divmodsi4.o)
 .text.libgcc.builtins
                0x00000000        0x0 d:/download/download prog/7.0/toolchain/avr8/avr8-gnu-toolchain/bin/../lib/gcc/avr/5.4.0/avr5\libgcc.a(_divmodsi4.o)
 .text.libgcc.fmul
                0x00000000        0x0 d:/download/download prog/7.0/toolchain/avr8/avr8-gnu-toolchain/bin/../lib/gcc/avr/5.4.0/avr5\libgcc.a(_divmodsi4.o)
 .text.libgcc.fixed
                0x00000000        0x0 d:/download/download prog/7.0/toolchain/avr8/avr8-gnu-toolchain/bin/../lib/gcc/avr/5.4.0/avr5\libgcc.a(_divmodsi4.o)
 .text          0x00000000        0x0 d:/download/download prog/7.0/toolchain/avr8/avr8-gnu-toolchain/bin/../lib/gcc/avr/5.4.0/avr5\libgcc.a(_negsi2.o)
 .data          0x00000000        0x0 d:/download/download prog/7.0/toolchain/avr8/avr8-gnu-toolchain/bin/../lib/gcc/avr/5.4.0/avr5\libgcc.a(_negsi2.o)
 .bss           0x00000000        0x0 d:/download/download prog/7.0/toolchain/avr8/avr8-gnu-toolchain/bin/../lib/gcc/avr/5.4.0/avr5\libgcc.a(_negsi2.o)
 .text.libgcc.mul
                0x00000000        0x0 d:/download/download prog/7.0/toolchain/avr8/avr8-gnu-toolchain/bin/../lib/gcc/avr/5.4.0/avr5\libgcc.a(_negsi2.o)
 .text.libgcc.div
                0x00000000       0x10 d:/download/download prog/7.0/toolchain/avr8/avr8-gnu-toolchain/bin/../lib/gcc/avr/5.4.0/avr5\libgcc.a(_negsi2.o)
 .text.libgcc   0x00000000        0x0 d:/download/download prog/7.0/toolchain/avr8/avr8-gnu-toolchain/bin/../lib/gcc/avr/5.4.0/avr5\libgcc.a(_negsi2.o)
 .text.libgcc.prologue
                0x00000000        0x0 d:/download/download prog/7.0/toolchain/avr8/avr8-gnu-toolchain/bin/../lib/gcc/avr/5.4.0/avr5\libgcc.a(_negsi2.o)
 .text.libgcc.builtins
                0x00000000        0x0 d:/download/download prog/7.0/toolchain/avr8/avr8-gnu-toolchain/bin/../lib/gcc/avr/5.4.0/avr5\libgcc.a(_negsi2.o)
 .text.libgcc.fmul
                0x00000000        0x0 d:/download/download prog/7.0/toolchain/avr8/avr8-gnu-toolchain/bin/../lib/gcc/avr/5.4.0/avr5\libgcc.a(_negsi2.o)
 .text.libgcc.fixed
                0x00000000        0x0 d:/download/download prog/7.0/toolchain/avr8/avr8-gnu-toolchain/bin/../lib/gcc/avr/5.4.0/avr5\libgcc.a(_negsi2.o)
 .text          0x00000000        0x0 d:/download/download prog/7.0/toolchain/avr8/avr8-gnu-toolchain/bin/../lib/gcc/avr/5.4.0/avr5\libgcc.a(_exit.o)
 .data          0x00000000        0x0 d:/download/download prog/7.0/toolchain/avr8/avr8-gnu-toolchain/bin/../lib/gcc/avr/5.4.0/avr5\libgcc.a(_exit.o)
 .bss           0x00000000        0x0 d:/download/download prog/7.0/toolchain/avr8/avr8-gnu-toolchain/bin/../lib/gcc/avr/5.4.0/avr5\libgcc.a(_exit.o)
 .text.libgcc.mul
                0x00000000        0x0 d:/download/download prog/7.0/toolchain/avr8/avr8-gnu-toolchain/bin/../lib/gcc/avr/5.4.0/avr5\libgcc.a(_exit.o)
 .text.libgcc.div
                0x00000000        0x0 d:/download/download prog/7.0/toolchain/avr8/avr8-gnu-toolchain/bin/../lib/gcc/avr/5.4.0/avr5\libgcc.a(_exit.o)
 .text.libgcc   0x00000000        0x0 d:/download/download prog/7.0/toolchain/avr8/avr8-gnu-toolchain/bin/../lib/gcc/avr/5.4.0/avr5\libgcc.a(_exit.o)
 .text.libgcc.prologue
                0x00000000        0x0 d:/download/download prog/7.0/toolchain/avr8/avr8-gnu-toolchain/bin/../lib/gcc/avr/5.4.0/avr5\libgcc.a(_exit.o)
 .text.libgcc.builtins
                0x00000000        0x0 d:/download/download prog/7.0/toolchain/avr8/avr8-gnu-toolchain/bin/../lib/gcc/avr/5.4.0/avr5\libgcc.a(_exit.o)
 .text.libgcc.fmul
                0x00000000        0x0 d:/download/download prog/7.0/toolchain/avr8/avr8-gnu-toolchain/bin/../lib/gcc/avr/5.4.0/avr5\libgcc.a(_exit.o)
 .text.libgcc.fixed
                0x00000000        0x0 d:/download/download prog/7.0/toolchain/avr8/avr8-gnu-toolchain/bin/../lib/gcc/avr/5.4.0/avr5\libgcc.a(_exit.o)
 .text          0x00000000        0x0 d:/download/download prog/7.0/toolchain/avr8/avr8-gnu-toolchain/bin/../lib/gcc/avr/5.4.0/avr5\libgcc.a(_copy_data.o)
 .data          0x00000000        0x0 d:/download/download prog/7.0/toolchain/avr8/avr8-gnu-toolchain/bin/../lib/gcc/avr/5.4.0/avr5\libgcc.a(_copy_data.o)
 .bss           0x00000000        0x0 d:/download/download prog/7.0/toolchain/avr8/avr8-gnu-toolchain/bin/../lib/gcc/avr/5.4.0/avr5\libgcc.a(_copy_data.o)
 .text.libgcc.mul
                0x00000000        0x0 d:/download/download prog/7.0/toolchain/avr8/avr8-gnu-toolchain/bin/../lib/gcc/avr/5.4.0/avr5\libgcc.a(_copy_data.o)
 .text.libgcc.div
                0x00000000        0x0 d:/download/download prog/7.0/toolchain/avr8/avr8-gnu-toolchain/bin/../lib/gcc/avr/5.4.0/avr5\libgcc.a(_copy_data.o)
 .text.libgcc   0x00000000        0x0 d:/download/download prog/7.0/toolchain/avr8/avr8-gnu-toolchain/bin/../lib/gcc/avr/5.4.0/avr5\libgcc.a(_copy_data.o)
 .text.libgcc.prologue
                0x00000000        0x0 d:/download/download prog/7.0/toolchain/avr8/avr8-gnu-toolchain/bin/../lib/gcc/avr/5.4.0/avr5\libgcc.a(_copy_data.o)
 .text.libgcc.builtins
                0x00000000        0x0 d:/download/download prog/7.0/toolchain/avr8/avr8-gnu-toolchain/bin/../lib/gcc/avr/5.4.0/avr5\libgcc.a(_copy_data.o)
 .text.libgcc.fmul
                0x00000000        0x0 d:/download/download prog/7.0/toolchain/avr8/avr8-gnu-toolchain/bin/../lib/gcc/avr/5.4.0/avr5\libgcc.a(_copy_data.o)
 .text.libgcc.fixed
                0x00000000        0x0 d:/download/download prog/7.0/toolchain/avr8/avr8-gnu-toolchain/bin/../lib/gcc/avr/5.4.0/avr5\libgcc.a(_copy_data.o)
 .text          0x00000000        0x0 d:/download/download prog/7.0/toolchain/avr8/avr8-gnu-toolchain/bin/../lib/gcc/avr/5.4.0/avr5\libgcc.a(_clear_bss.o)
 .data          0x00000000        0x0 d:/download/download prog/7.0/toolchain/avr8/avr8-gnu-toolchain/bin/../lib/gcc/avr/5.4.0/avr5\libgcc.a(_clear_bss.o)
 .bss           0x00000000        0x0 d:/download/download prog/7.0/toolchain/avr8/avr8-gnu-toolchain/bin/../lib/gcc/avr/5.4.0/avr5\libgcc.a(_clear_bss.o)
 .text.libgcc.mul
                0x00000000        0x0 d:/download/download prog/7.0/toolchain/avr8/avr8-gnu-toolchain/bin/../lib/gcc/avr/5.4.0/avr5\libgcc.a(_clear_bss.o)
 .text.libgcc.div
                0x00000000        0x0 d:/download/download prog/7.0/toolchain/avr8/avr8-gnu-toolchain/bin/../lib/gcc/avr/5.4.0/avr5\libgcc.a(_clear_bss.o)
 .text.libgcc   0x00000000        0x0 d:/download/download prog/7.0/toolchain/avr8/avr8-gnu-toolchain/bin/../lib/gcc/avr/5.4.0/avr5\libgcc.a(_clear_bss.o)
 .text.libgcc.prologue
                0x00000000        0x0 d:/download/download prog/7.0/toolchain/avr8/avr8-gnu-toolchain/bin/../lib/gcc/avr/5.4.0/avr5\libgcc.a(_clear_bss.o)
 .text.libgcc.builtins
                0x00000000        0x0 d:/download/download prog/7.0/toolchain/avr8/avr8-gnu-toolchain/bin/../lib/gcc/avr/5.4.0/avr5\libgcc.a(_clear_bss.o)
 .text.libgcc.fmul
                0x00000000        0x0 d:/download/download prog/7.0/toolchain/avr8/avr8-gnu-toolchain/bin/../lib/gcc/avr/5.4.0/avr5\libgcc.a(_clear_bss.o)
 .text.libgcc.fixed
                0x00000000        0x0 d:/download/download prog/7.0/toolchain/avr8/avr8-gnu-toolchain/bin/../lib/gcc/avr/5.4.0/avr5\libgcc.a(_clear_bss.o)
 .text          0x00000000        0x0 d:/download/download prog/7.0/toolchain/avr8/avr8-gnu-toolchain/bin/../lib/gcc/avr/5.4.0/avr5\libgcc.a(_umulhisi3.o)
 .data          0x00000000        0x0 d:/download/download prog/7.0/toolchain/avr8/avr8-gnu-toolchain/bin/../lib/gcc/avr/5.4.0/avr5\libgcc.a(_umulhisi3.o)
 .bss           0x00000000        0x0 d:/download/download prog/7.0/toolchain/avr8/avr8-gnu-toolchain/bin/../lib/gcc/avr/5.4.0/avr5\libgcc.a(_umulhisi3.o)
 .text.libgcc.mul
                0x00000000       0x1e d:/download/download prog/7.0/toolchain/avr8/avr8-gnu-toolchain/bin/../lib/gcc/avr/5.4.0/avr5\libgcc.a(_umulhisi3.o)
 .text.libgcc.div
                0x00000000        0x0 d:/download/download prog/7.0/toolchain/avr8/avr8-gnu-toolchain/bin/../lib/gcc/avr/5.4.0/avr5\libgcc.a(_umulhisi3.o)
 .text.libgcc   0x00000000        0x0 d:/download/download prog/7.0/toolchain/avr8/avr8-gnu-toolchain/bin/../lib/gcc/avr/5.4.0/avr5\libgcc.a(_umulhisi3.o)
 .text.libgcc.prologue
                0x00000000        0x0 d:/download/download prog/7.0/toolchain/avr8/avr8-gnu-toolchain/bin/../lib/gcc/avr/5.4.0/avr5\libgcc.a(_umulhisi3.o)
 .text.libgcc.builtins
                0x00000000        0x0 d:/download/download prog/7.0/toolchain/avr8/avr8-gnu-toolchain/bin/../lib/gcc/avr/5.4.0/avr5\libgcc.a(_umulhisi3.o)
 .text.libgcc.fmul
                0x00000000        0x0 d:/download/download prog/7.0/toolchain/avr8/avr8-gnu-toolchain/bin/../lib/gcc/avr/5.4.0/avr5\libgcc.a(_umulhisi3.o)
 .text.libgcc.fixed
                0x00000000        0x0 d:/download/download prog/7.0/toolchain/avr8/avr8-gnu-toolchain/bin/../lib/gcc/avr/5.4.0/avr5\libgcc.a(_umulhisi3.o)
 .text          0x00000000        0x0 d:/download/download prog/7.0/toolchain/avr8/avr8-gnu-toolchain/bin/../lib/gcc/avr/5.4.0/avr5\libgcc.a(_muluhisi3.o)
 .data          0x00000000        0x0 d:/download/download prog/7.0/toolchain/avr8/avr8-gnu-toolchain/bin/../lib/gcc/avr/5.4.0/avr5\libgcc.a(_muluhisi3.o)
 .bss           0x00000000        0x0 d:/download/download prog/7.0/toolchain/avr8/avr8-gnu-toolchain/bin/../lib/gcc/avr/5.4.0/avr5\libgcc.a(_muluhisi3.o)
 .text.libgcc.mul
                0x00000000       0x16 d:/download/download prog/7.0/toolchain/avr8/avr8-gnu-toolchain/bin/../lib/gcc/avr/5.4.0/avr5\libgcc.a(_muluhisi3.o)
 .text.libgcc.div
                0x00000000        0x0 d:/download/download prog/7.0/toolchain/avr8/avr8-gnu-toolchain/bin/../lib/gcc/avr/5.4.0/avr5\libgcc.a(_muluhisi3.o)
 .text.libgcc   0x00000000        0x0 d:/download/download prog/7.0/toolchain/avr8/avr8-gnu-toolchain/bin/../lib/gcc/avr/5.4.0/avr5\libgcc.a(_muluhisi3.o)
 .text.libgcc.prologue
                0x00000000        0x0 d:/download/download prog/7.0/toolchain/avr8/avr8-gnu-toolchain/bin/../lib/gcc/avr/5.4.0/avr5\libgcc.a(_muluhisi3.o)
 .text.libgcc.builtins
                0x00000000        0x0 d:/download/download prog/7.0/toolchain/avr8/avr8-gnu-toolchain/bin/../lib/gcc/avr/5.4.0/avr5\libgcc.a(_muluhisi3.o)
 .text.libgcc.fmul
                0x00000000        0x0 d:/download/download prog/7.0/toolchain/avr8/avr8-gnu-toolchain/bin/../lib/gcc/avr/5.4.0/avr5\libgcc.a(_muluhisi3.o)
 .text.libgcc.fixed
                0x00000000        0x0 d:/download/download prog/7.0/toolchain/avr8/avr8-gnu-toolchain/bin/../lib/gcc/avr/5.4.0/avr5\libgcc.a(_muluhisi3.o)

Memory Configuration

Name             Origin             Length             Attributes
text             0x00000000         0x00008000         xr
data             0x00800060         0x00000800         rw !x
eeprom           0x00810000         0x00000400         rw !x
fuse             0x00820000         0x00000002         rw !x
lock             0x00830000         0x00000400         rw !x
signature        0x00840000         0x00000400         rw !x
user_signatures  0x00850000         0x00000400         rw !x
*default*        0x00000000         0xffffffff

Linker script and memory map

LOAD D:/Download/download prog/7.0/Packs/atmel/ATmega_DFP/1.7.374/gcc/dev/atmega32/avr5/crtatmega32.o
LOAD APP/CALCULATOR_Prog.o
LOAD APP/FIRESYSTEM_Prog.o
LOAD APP/INTERPOLATION_Prog.o
LOAD CONFIG/STEPPER_Cfg.o
LOAD ECU_Prog.o
LOAD APP/MOVE_Prog.o
LOAD CONFIG/DIO_Cfg.o
LOAD CONFIG/MOTOR_Cfg.o
LOAD HAL/KEYPAD_Prog.o
LOAD HAL/LCD_Prog.o
LOAD HAL/MOTOR_Prog.o
LOAD HAL/RGB_Prog.o
LOAD HAL/Sensors_Prog.o
LOAD HAL/STEPPER_Prog.o
LOAD main.o
LOAD Math.o
LOAD MCAL/ADC_Prog.o
LOAD MCAL/DIO_Prg.o
LOAD MCAL/Timers.o
START GROUP
LOAD d:/download/download prog/7.0/toolchain/avr8/avr8-gnu-toolchain/bin/../lib/gcc/avr/5.4.0/../../../../avr/lib/avr5\libm.a
END GROUP
START GROUP
LOAD d:/download/download prog/7.0/toolchain/avr8/avr8-gnu-toolchain/bin/../lib/gcc/avr/5.4.0/avr5\libgcc.a
LOAD d:/download/download prog/7.0/toolchain/avr8/avr8-gnu-toolchain/bin/../lib/gcc/avr/5.4.0/../../../../avr/lib/avr5\libm.a
LOAD d:/download/download prog/7.0/toolchain/avr8/avr8-gnu-toolchain/bin/../lib/gcc/avr/5.4.0/../../../../avr/lib/avr5\libc.a
LOAD D:/Download/download prog/7.0/Packs/atmel/ATmega_DFP/1.7.374/gcc/dev/atmega32/avr5\libatmega32.a
END GROUP
                0x00000000                __TEXT_REGION_ORIGIN__ = DEFINED (__TEXT_REGION_ORIGIN__)?__TEXT_REGION_ORIGIN__:0x0
                [0x00800060]                __DATA_REGION_ORIGIN__ = DEFINED (__DATA_REGION_ORIGIN__)?__DATA_REGION_ORIGIN__:0x800060
                [0x00008000]                __TEXT_REGION_LENGTH__ = DEFINED (__TEXT_REGION_LENGTH__)?__TEXT_REGION_LENGTH__:0x20000
                [0x00000800]                __DATA_REGION_LENGTH__ = DEFINED (__DATA_REGION_LENGTH__)?__DATA_REGION_LENGTH__:0xffa0
                [0x00000400]                __EEPROM_REGION_LENGTH__ = DEFINED (__EEPROM_REGION_LENGTH__)?__EEPROM_REGION_LENGTH__:0x10000
                [0x00000002]                __FUSE_REGION_LENGTH__ = DEFINED (__FUSE_REGION_LENGTH__)?__FUSE_REGION_LENGTH__:0x400
                0x00000400                __LOCK_REGION_LENGTH__ = DEFINED (__LOCK_REGION_LENGTH__)?__LOCK_REGION_LENGTH__:0x400
                0x00000400                __SIGNATURE_REGION_LENGTH__ = DEFINED (__SIGNATURE_REGION_LENGTH__)?__SIGNATURE_REGION_LENGTH__:0x400
                0x00000400                __USER_SIGNATURE_REGION_LENGTH__ = DEFINED (__USER_SIGNATURE_REGION_LENGTH__)?__USER_SIGNATURE_REGION_LENGTH__:0x400

.hash
 *(.hash)

.dynsym
 *(.dynsym)

.dynstr
 *(.dynstr)

.gnu.version
 *(.gnu.version)

.gnu.version_d
 *(.gnu.version_d)

.gnu.version_r
 *(.gnu.version_r)

.rel.init
 *(.rel.init)

.rela.init
 *(.rela.init)

.rel.text
 *(.rel.text)
 *(.rel.text.*)
 *(.rel.gnu.linkonce.t*)

.rela.text
 *(.rela.text)
 *(.rela.text.*)
 *(.rela.gnu.linkonce.t*)

.rel.fini
 *(.rel.fini)

.rela.fini
 *(.rela.fini)

.rel.rodata
 *(.rel.rodata)
 *(.rel.rodata.*)
 *(.rel.gnu.linkonce.r*)

.rela.rodata
 *(.rela.rodata)
 *(.rela.rodata.*)
 *(.rela.gnu.linkonce.r*)

.rel.data
 *(.rel.data)
 *(.rel.data.*)
 *(.rel.gnu.linkonce.d*)

.rela.data
 *(.rela.data)
 *(.rela.data.*)
 *(.rela.gnu.linkonce.d*)

.rel.ctors
 *(.rel.ctors)

.rela.ctors
 *(.rela.ctors)

.rel.dtors
 *(.rel.dtors)

.rela.dtors
 *(.rela.dtors)

.rel.got
 *(.rel.got)

.rela.got
 *(.rela.got)

.rel.bss
 *(.rel.bss)

.rela.bss
 *(.rela.bss)

.rel.plt
 *(.rel.plt)

.rela.plt
 *(.rela.plt)

.text           0x00000000      0x7ca
 *(.vectors)
 .vectors       0x00000000       0x54 D:/Download/download prog/7.0/Packs/atmel/ATmega_DFP/1.7.374/gcc/dev/atmega32/avr5/crtatmega32.o
                0x00000000                __vector_default
                0x00000000                __vectors
 *(.vectors)
 *(.progmem.gcc*)
                0x00000054                . = ALIGN (0x2)
                0x00000054                __trampolines_start = .
 *(.trampolines)
 .trampolines   0x00000054        0x0 linker stubs
 *(.trampolines*)
                0x00000054                __trampolines_end = .
 *libprintf_flt.a:*(.progmem.data)
 *libc.a:*(.progmem.data)
 *(.progmem*)
                0x00000054                . = ALIGN (0x2)
 *(.jumptables)
 *(.jumptables*)
 *(.lowtext)
 *(.lowtext*)
                0x00000054                __ctors_start = .
 *(.ctors)
                0x00000054                __ctors_end = .
                0x00000054                __dtors_start = .
 *(.dtors)
                0x00000054                __dtors_end = .
 SORT(*)(.ctors)
 SORT(*)(.dtors)
 *(.init0)
 .init0         0x00000054        0x0 D:/Download/download prog/7.0/Packs/atmel/ATmega_DFP/1.7.374/gcc/dev/atmega32/avr5/crtatmega32.o
                0x00000054                __init
 *(.init0)
 *(.init1)
 *(.init1)
 *(.init2)
 .init2         0x00000054        0xc D:/Download/download prog/7.0/Packs/atmel/ATmega_DFP/1.7.374/gcc/dev/atmega32/avr5/crtatmega32.o
 *(.init2)
 *(.init3)
 *(.init3)
 *(.init4)
 .init4         0x00000060       0x16 d:/download/download prog/7.0/toolchain/avr8/avr8-gnu-toolchain/bin/../lib/gcc/avr/5.4.0/avr5\libgcc.a(_copy_data.o)
                0x00000060                __do_copy_data
 .init4         0x00000076       0x10 d:/download/download prog/7.0/toolchain/avr8/avr8-gnu-toolchain/bin/../lib/gcc/avr/5.4.0/avr5\libgcc.a(_clear_bss.o)
                0x00000076                __do_clear_bss
 *(.init4)
 *(.init5)
 *(.init5)
 *(.init6)
 *(.init6)
 *(.init7)
 *(.init7)
 *(.init8)
 *(.init8)
 *(.init9)
 .init9         0x00000086        0x8 D:/Download/download prog/7.0/Packs/atmel/ATmega_DFP/1.7.374/gcc/dev/atmega32/avr5/crtatmega32.o
 *(.init9)
 *(.text)
 .text          0x0000008e        0x4 D:/Download/download prog/7.0/Packs/atmel/ATmega_DFP/1.7.374/gcc/dev/atmega32/avr5/crtatmega32.o
                0x0000008e                __vector_1
                0x0000008e                __vector_12
                0x0000008e                __bad_interrupt
                0x0000008e                __vector_3
                0x0000008e                __vector_11
                0x0000008e                __vector_13
                0x0000008e                __vector_17
                0x0000008e                __vector_19
                0x0000008e                __vector_5
                0x0000008e                __vector_4
                0x0000008e                __vector_2
                0x0000008e                __vector_15
                0x0000008e                __vector_14
                0x0000008e                __vector_10
                0x0000008e                __vector_16
                0x0000008e                __vector_18
                0x0000008e                __vector_20
                0x00000092                . = ALIGN (0x2)
 *(.text.*)
 .text.KEYPAD_Init
                0x00000092       0x16 HAL/KEYPAD_Prog.o
                0x00000092                KEYPAD_Init
 .text.WriteIns
                0x000000a8       0xc0 HAL/LCD_Prog.o
                0x000000a8                WriteIns
 .text.LCD_Init
                0x00000168       0x3c HAL/LCD_Prog.o
                0x00000168                LCD_Init
 .text.RGB_Init
                0x000001a4       0x2c HAL/RGB_Prog.o
                0x000001a4                RGB_Init
 .text.Moving_All_Color
                0x000001d0       0x52 HAL/RGB_Prog.o
                0x000001d0                Moving_All_Color
 .text.startup.main
                0x00000222       0x1e main.o
                0x00000222                main
 .text.ADC_Init
                0x00000240       0x2a MCAL/ADC_Prog.o
                0x00000240                ADC_Init
 .text.DIO_Init
                0x0000026a      0x1bc MCAL/DIO_Prg.o
                0x0000026a                DIO_Init
 .text.DIO_WritePin
                0x00000426       0xfe MCAL/DIO_Prg.o
                0x00000426                DIO_WritePin
 .text.TIMER0_Init
                0x00000524       0x40 MCAL/Timers.o
                0x00000524                TIMER0_Init
 .text.TIMER0_OC0Mode
                0x00000564       0x36 MCAL/Timers.o
                0x00000564                TIMER0_OC0Mode
 .text.Timer1_Init
                0x0000059a       0x78 MCAL/Timers.o
                0x0000059a                Timer1_Init
 .text.Timer1_OCRA1Mode
                0x00000612       0x36 MCAL/Timers.o
                0x00000612                Timer1_OCRA1Mode
 .text.Timer1_OCRB1Mode
                0x00000648       0x36 MCAL/Timers.o
                0x00000648                Timer1_OCRB1Mode
 .text.__vector_9
                0x0000067e       0x52 MCAL/Timers.o
                0x0000067e                __vector_9
 .text.__vector_7
                0x000006d0       0x52 MCAL/Timers.o
                0x000006d0                __vector_7
 .text.__vector_8
                0x00000722       0x52 MCAL/Timers.o
                0x00000722                __vector_8
 .text.__vector_6
                0x00000774       0x52 MCAL/Timers.o
                0x00000774                __vector_6
                0x000007c6                . = ALIGN (0x2)
 *(.fini9)
 .fini9         0x000007c6        0x0 d:/download/download prog/7.0/toolchain/avr8/avr8-gnu-toolchain/bin/../lib/gcc/avr/5.4.0/avr5\libgcc.a(_exit.o)
                0x000007c6                _exit
                0x000007c6                exit
 *(.fini9)
 *(.fini8)
 *(.fini8)
 *(.fini7)
 *(.fini7)
 *(.fini6)
 *(.fini6)
 *(.fini5)
 *(.fini5)
 *(.fini4)
 *(.fini4)
 *(.fini3)
 *(.fini3)
 *(.fini2)
 *(.fini2)
 *(.fini1)
 *(.fini1)
 *(.fini0)
 .fini0         0x000007c6        0x4 d:/download/download prog/7.0/toolchain/avr8/avr8-gnu-toolchain/bin/../lib/gcc/avr/5.4.0/avr5\libgcc.a(_exit.o)
 *(.fini0)
                0x000007ca                _etext = .

.data           0x00800060       0x44 load address 0x000007ca
                0x00800060                PROVIDE (__data_start, .)
 *(.data)
 *(.data*)
 .data.RGB_Colors
                0x00800060       0x24 HAL/RGB_Prog.o
                0x00800060                RGB_Colors
 *(.gnu.linkonce.d*)
 *(.rodata)
 *(.rodata*)
 .rodata.DIO_PinsStatusArray
                0x00800084       0x20 CONFIG/DIO_Cfg.o
                0x00800084                DIO_PinsStatusArray
 *(.gnu.linkonce.r*)
                0x008000a4                . = ALIGN (0x2)
                0x008000a4                _edata = .
                0x008000a4                PROVIDE (__data_end, .)

.bss            0x008000a4        0x9
                0x008000a4                PROVIDE (__bss_start, .)
 *(.bss)
 *(.bss*)
 .bss.ind.1772  0x008000a4        0x1 HAL/RGB_Prog.o
 .bss.Timer1_ICU_Fptr
                0x008000a5        0x2 MCAL/Timers.o
 .bss.Timer1_OCB_Fptr
                0x008000a7        0x2 MCAL/Timers.o
 .bss.Timer1_OCA_Fptr
                0x008000a9        0x2 MCAL/Timers.o
 .bss.Timer1_OVF_Fptr
                0x008000ab        0x2 MCAL/Timers.o
 *(COMMON)
                0x008000ad                PROVIDE (__bss_end, .)
                0x000007ca                __data_load_start = LOADADDR (.data)
                0x0000080e                __data_load_end = (__data_load_start + SIZEOF (.data))

.noinit         0x008000ad        0x0
                [!provide]                PROVIDE (__noinit_start, .)
 *(.noinit*)
                [!provide]                PROVIDE (__noinit_end, .)
                0x008000ad                _end = .
                [!provide]                PROVIDE (__heap_start, .)

.eeprom         0x00810000        0x0
 *(.eeprom*)
                0x00810000                __eeprom_end = .

.fuse
 *(.fuse)
 *(.lfuse)
 *(.hfuse)
 *(.efuse)

.lock
 *(.lock*)

.signature
 *(.signature*)

.user_signatures
 *(.user_signatures*)

.stab
 *(.stab)

.stabstr
 *(.stabstr)

.stab.excl
 *(.stab.excl)

.stab.exclstr
 *(.stab.exclstr)

.stab.index
 *(.stab.index)

.stab.indexstr
 *(.stab.indexstr)

.comment        0x00000000       0x30
 *(.comment)
 .comment       0x00000000       0x30 CONFIG/DIO_Cfg.o
                                 0x31 (size before relaxing)
 .comment       0x00000030       0x31 HAL/KEYPAD_Prog.o
 .comment       0x00000030       0x31 HAL/LCD_Prog.o
 .comment       0x00000030       0x31 HAL/RGB_Prog.o
 .comment       0x00000030       0x31 main.o
 .comment       0x00000030       0x31 MCAL/ADC_Prog.o
 .comment       0x00000030       0x31 MCAL/DIO_Prg.o
 .comment       0x00000030       0x31 MCAL/Timers.o

.note.gnu.avr.deviceinfo
                0x00000000       0x3c
 .note.gnu.avr.deviceinfo
                0x00000000       0x3c D:/Download/download prog/7.0/Packs/atmel/ATmega_DFP/1.7.374/gcc/dev/atmega32/avr5/crtatmega32.o

.note.gnu.build-id
 *(.note.gnu.build-id)

.debug
 *(.debug)

.line
 *(.line)

.debug_srcinfo
 *(.debug_srcinfo)

.debug_sfnames
 *(.debug_sfnames)

.debug_aranges
 *(.debug_aranges)

.debug_pubnames
 *(.debug_pubnames)

.debug_info     0x00000000      0x4e6
 *(.debug_info .gnu.linkonce.wi.*)
 .debug_info    0x00000000      0x4e6 D:/Download/download prog/7.0/Packs/atmel/ATmega_DFP/1.7.374/gcc/dev/atmega32/avr5/crtatmega32.o

.debug_abbrev   0x00000000      0x4a3
 *(.debug_abbrev)
 .debug_abbrev  0x00000000      0x4a3 D:/Download/download prog/7.0/Packs/atmel/ATmega_DFP/1.7.374/gcc/dev/atmega32/avr5/crtatmega32.o

.debug_line     0x00000000      0x116
 *(.debug_line .debug_line.* .debug_line_end)
 .debug_line    0x00000000      0x116 D:/Download/download prog/7.0/Packs/atmel/ATmega_DFP/1.7.374/gcc/dev/atmega32/avr5/crtatmega32.o

.debug_frame
 *(.debug_frame)

.debug_str      0x00000000      0x196
 *(.debug_str)
 .debug_str     0x00000000      0x196 D:/Download/download prog/7.0/Packs/atmel/ATmega_DFP/1.7.374/gcc/dev/atmega32/avr5/crtatmega32.o

.debug_loc
 *(.debug_loc)

.debug_macinfo
 *(.debug_macinfo)

.debug_weaknames
 *(.debug_weaknames)

.debug_funcnames
 *(.debug_funcnames)

.debug_typenames
 *(.debug_typenames)

.debug_varnames
 *(.debug_varnames)

.debug_pubtypes
 *(.debug_pubtypes)

.debug_ranges
 *(.debug_ranges)

.debug_macro
 *(.debug_macro)
OUTPUT(first project.elf elf32-avr)
LOAD linker stubs
